// Jest Snapshot v1, https://goo.gl/fbAQLP

exports[`Tab render TabList render component. 1`] = `"<li class=\\"sc-bwzfXH jsVSXf\\" role=\\"tab\\" id=\\"react-tabtab-tab-undefined\\" aria-controls=\\"react-tabtab-panel-undefined\\"><span><i class=\\"fa fa-icon\\"></i>tab</span></li>"`;

exports[`Tab render TabList render pure text 1`] = `"<li class=\\"sc-bwzfXH jsVSXf\\" role=\\"tab\\" id=\\"react-tabtab-tab-undefined\\" aria-controls=\\"react-tabtab-panel-undefined\\">tab</li>"`;
