// Jest Snapshot v1, https://goo.gl/fbAQLP

exports[`render Tabs normal drag tabs 1`] = `"<div><div><div class=\\"sc-bdVaJa fzhJWH\\"><div><div class=\\"sc-jTzLTM cXzngQ\\"><svg viewBox=\\"0 0 40 40\\" fill=\\"currentColor\\" height=\\"1em\\" width=\\"1em\\" style=\\"vertical-align: middle;\\"><g><path d=\\"m25.7 12.3l-7.7 7.7 7.7 7.7-2.3 2.3-10-10 10-10z\\"></path></g></svg></div><div class=\\"sc-jTzLTM dXlneV\\"><svg viewBox=\\"0 0 40 40\\" fill=\\"currentColor\\" height=\\"1em\\" width=\\"1em\\" style=\\"vertical-align: middle;\\"><g><path d=\\"m16.6 10l10 10-10 10-2.3-2.3 7.7-7.7-7.7-7.7z\\"></path></g></svg></div></div><div class=\\"sc-bwzfXH fvdpZL\\"><ul class=\\"sc-htpNat ezotGS\\" role=\\"tablist\\"><li class=\\"sc-EHOje cszVDW\\" role=\\"tab\\" id=\\"react-tabtab-tab-0\\" aria-controls=\\"react-tabtab-panel-0\\" aria-selected=\\"true\\">DragTab1</li><li class=\\"sc-EHOje cszVDW\\" role=\\"tab\\" id=\\"react-tabtab-tab-1\\" aria-controls=\\"react-tabtab-panel-1\\" aria-selected=\\"false\\">DragTab2</li></ul></div></div></div><div><div class=\\"sc-bZQynM IjyIs\\" role=\\"tabpanel\\" id=\\"react-tabtab-panel-0\\" aria-labelledby=\\"react-tabtab-0\\" aria-hidden=\\"false\\">Content1</div><div class=\\"sc-bZQynM ctbACc\\" role=\\"tabpanel\\" id=\\"react-tabtab-panel-1\\" aria-labelledby=\\"react-tabtab-1\\" aria-hidden=\\"false\\"></div></div></div>"`;

exports[`render Tabs normal drag with ExtraButton 1`] = `"<div><div><button class=\\"sc-gzVnrw hPpaWO\\">+</button><div class=\\"sc-bdVaJa fzhJWH\\"><div><div class=\\"sc-kpOJdX hQHWeV\\"><svg viewBox=\\"0 0 40 40\\" fill=\\"currentColor\\" height=\\"1em\\" width=\\"1em\\" style=\\"vertical-align: middle;\\"><g><path d=\\"m25.7 12.3l-7.7 7.7 7.7 7.7-2.3 2.3-10-10 10-10z\\"></path></g></svg></div><div class=\\"sc-kpOJdX bDjDDS\\"><svg viewBox=\\"0 0 40 40\\" fill=\\"currentColor\\" height=\\"1em\\" width=\\"1em\\" style=\\"vertical-align: middle;\\"><g><path d=\\"m16.6 10l10 10-10 10-2.3-2.3 7.7-7.7-7.7-7.7z\\"></path></g></svg></div></div><div class=\\"sc-bwzfXH fvdpZL\\"><ul class=\\"sc-htpNat ezotGS\\" role=\\"tablist\\"><li class=\\"sc-EHOje cszVDW\\" role=\\"tab\\" id=\\"react-tabtab-tab-0\\" aria-controls=\\"react-tabtab-panel-0\\" aria-selected=\\"true\\">DragTab1</li><li class=\\"sc-EHOje cszVDW\\" role=\\"tab\\" id=\\"react-tabtab-tab-1\\" aria-controls=\\"react-tabtab-panel-1\\" aria-selected=\\"false\\">DragTab2</li></ul></div></div></div><div><div class=\\"sc-bZQynM IjyIs\\" role=\\"tabpanel\\" id=\\"react-tabtab-panel-0\\" aria-labelledby=\\"react-tabtab-0\\" aria-hidden=\\"false\\">Content1</div><div class=\\"sc-bZQynM ctbACc\\" role=\\"tabpanel\\" id=\\"react-tabtab-panel-1\\" aria-labelledby=\\"react-tabtab-1\\" aria-hidden=\\"false\\"></div></div></div>"`;

exports[`render Tabs normal tab with ExtraButton 1`] = `"<div><div><button class=\\"sc-gzVnrw hPpaWO\\">+</button><div class=\\"sc-bdVaJa fzhJWH\\"><div><div class=\\"sc-kAzzGY jzdndk\\"><svg viewBox=\\"0 0 40 40\\" fill=\\"currentColor\\" height=\\"1em\\" width=\\"1em\\" style=\\"vertical-align: middle;\\"><g><path d=\\"m25.7 12.3l-7.7 7.7 7.7 7.7-2.3 2.3-10-10 10-10z\\"></path></g></svg></div><div class=\\"sc-kAzzGY daVAEF\\"><svg viewBox=\\"0 0 40 40\\" fill=\\"currentColor\\" height=\\"1em\\" width=\\"1em\\" style=\\"vertical-align: middle;\\"><g><path d=\\"m16.6 10l10 10-10 10-2.3-2.3 7.7-7.7-7.7-7.7z\\"></path></g></svg></div></div><div class=\\"sc-bwzfXH fvdpZL\\"><ul class=\\"sc-htpNat ezotGS\\" role=\\"tablist\\"><li class=\\"sc-EHOje cszVDW\\" role=\\"tab\\" id=\\"react-tabtab-tab-0\\" aria-controls=\\"react-tabtab-panel-0\\" aria-selected=\\"true\\">Tab1</li><li class=\\"sc-EHOje cszVDW\\" role=\\"tab\\" id=\\"react-tabtab-tab-1\\" aria-controls=\\"react-tabtab-panel-1\\" aria-selected=\\"false\\">Tab2</li></ul></div></div></div><div><div class=\\"sc-bZQynM IjyIs\\" role=\\"tabpanel\\" id=\\"react-tabtab-panel-0\\" aria-labelledby=\\"react-tabtab-0\\" aria-hidden=\\"false\\">Content1</div><div class=\\"sc-bZQynM ctbACc\\" role=\\"tabpanel\\" id=\\"react-tabtab-panel-1\\" aria-labelledby=\\"react-tabtab-1\\" aria-hidden=\\"false\\"></div></div></div>"`;

exports[`render Tabs normal tabs 1`] = `"<div><div><div class=\\"sc-bdVaJa fzhJWH\\"><div><div class=\\"sc-iwsKbI gfDROJ\\"><svg viewBox=\\"0 0 40 40\\" fill=\\"currentColor\\" height=\\"1em\\" width=\\"1em\\" style=\\"vertical-align: middle;\\"><g><path d=\\"m25.7 12.3l-7.7 7.7 7.7 7.7-2.3 2.3-10-10 10-10z\\"></path></g></svg></div><div class=\\"sc-iwsKbI dEQeBK\\"><svg viewBox=\\"0 0 40 40\\" fill=\\"currentColor\\" height=\\"1em\\" width=\\"1em\\" style=\\"vertical-align: middle;\\"><g><path d=\\"m16.6 10l10 10-10 10-2.3-2.3 7.7-7.7-7.7-7.7z\\"></path></g></svg></div></div><div class=\\"sc-bwzfXH fvdpZL\\"><ul class=\\"sc-htpNat ezotGS\\" role=\\"tablist\\"><li class=\\"sc-EHOje cszVDW\\" role=\\"tab\\" id=\\"react-tabtab-tab-0\\" aria-controls=\\"react-tabtab-panel-0\\" aria-selected=\\"true\\">Tab1</li><li class=\\"sc-EHOje cszVDW\\" role=\\"tab\\" id=\\"react-tabtab-tab-1\\" aria-controls=\\"react-tabtab-panel-1\\" aria-selected=\\"false\\">Tab2</li></ul></div></div></div><div><div class=\\"sc-bZQynM IjyIs\\" role=\\"tabpanel\\" id=\\"react-tabtab-panel-0\\" aria-labelledby=\\"react-tabtab-0\\" aria-hidden=\\"false\\">Content1</div><div class=\\"sc-bZQynM ctbACc\\" role=\\"tabpanel\\" id=\\"react-tabtab-panel-1\\" aria-labelledby=\\"react-tabtab-1\\" aria-hidden=\\"false\\"></div></div></div>"`;
